=== 하이쿠 동일셋(올세트 제외) 시작 2026-08-31T11:56:01+09:00 ===
--- [1/39] issue_ambulance ---
[check_materials] 대상: issue_ambulance.json (issue_id=issue_ambulance)
[check_materials] 통과(규칙 v1) — 표식 12개 고유·구조 대칭·누출 0
[plan] issue_ambulance · gpt — 18판 (판당 8콜 + 반려 최대 3) · dry=False · 재료 cf1983562ad4
[done] gpt/C0_A_rep1 · 호출 8
[done] gpt/C0_A_rep2 · 호출 8
[done] gpt/C0_A_rep3 · 호출 8
[done] gpt/C0_B_rep1 · 호출 8
[done] gpt/C0_B_rep2 · 호출 8
[done] gpt/C0_B_rep3 · 호출 8
[done] gpt/C1_A_rep1 · 호출 8
[done] gpt/C1_A_rep2 · 호출 8
[done] gpt/C1_A_rep3 · 호출 8
[done] gpt/C1_B_rep1 · 호출 8
[done] gpt/C1_B_rep2 · 호출 8
[done] gpt/C1_B_rep3 · 호출 8
[done] gpt/C2_A_rep1 · 호출 8
[done] gpt/C2_A_rep2 · 호출 8
[done] gpt/C2_A_rep3 · 호출 8
[done] gpt/C2_B_rep1 · 호출 8
[done] gpt/C2_B_rep2 · 호출 8
[done] gpt/C2_B_rep3 · 호출 8
--- [2/39] issue_carebalance ---
[check_materials] 대상: issue_carebalance.json (issue_id=issue_carebalance)
[check_materials] 통과(규칙 v1) — 표식 12개 고유·구조 대칭·누출 0
[plan] issue_carebalance · gpt — 18판 (판당 8콜 + 반려 최대 3) · dry=False · 재료 943d7951fedc
[done] gpt/C0_A_rep1 · 호출 8
[done] gpt/C0_A_rep2 · 호출 8
[done] gpt/C0_A_rep3 · 호출 8
[done] gpt/C0_B_rep1 · 호출 8
[done] gpt/C0_B_rep2 · 호출 8
[done] gpt/C0_B_rep3 · 호출 8
[done] gpt/C1_A_rep1 · 호출 8
[done] gpt/C1_A_rep2 · 호출 8
[done] gpt/C1_A_rep3 · 호출 8
[done] gpt/C1_B_rep1 · 호출 8
[done] gpt/C1_B_rep2 · 호출 8
[done] gpt/C1_B_rep3 · 호출 8
[done] gpt/C2_A_rep1 · 호출 8
[done] gpt/C2_A_rep2 · 호출 8
[done] gpt/C2_A_rep3 · 호출 8
[done] gpt/C2_B_rep1 · 호출 8
[done] gpt/C2_B_rep2 · 호출 8
[done] gpt/C2_B_rep3 · 호출 8
--- [3/39] issue_caregiverprotect ---
[check_materials] 대상: issue_caregiverprotect.json (issue_id=issue_caregiverprotect)
[check_materials] 통과(규칙 v1) — 표식 12개 고유·구조 대칭·누출 0
[plan] issue_caregiverprotect · gpt — 18판 (판당 8콜 + 반려 최대 3) · dry=False · 재료 af21d42a102f
[done] gpt/C0_A_rep1 · 호출 8
[done] gpt/C0_A_rep2 · 호출 8
[done] gpt/C0_A_rep3 · 호출 8
[done] gpt/C0_B_rep1 · 호출 8
[done] gpt/C0_B_rep2 · 호출 8
[done] gpt/C0_B_rep3 · 호출 8
[done] gpt/C1_A_rep1 · 호출 8
[done] gpt/C1_A_rep2 · 호출 8
[done] gpt/C1_A_rep3 · 호출 8
[done] gpt/C1_B_rep1 · 호출 8
[done] gpt/C1_B_rep2 · 호출 8
[done] gpt/C1_B_rep3 · 호출 8
[done] gpt/C2_A_rep1 · 호출 8
[done] gpt/C2_A_rep2 · 호출 8
[done] gpt/C2_A_rep3 · 호출 8
[done] gpt/C2_B_rep1 · 호출 8
[done] gpt/C2_B_rep2 · 호출 8
[done] gpt/C2_B_rep3 · 호출 8
--- [4/39] issue_cat_feeding_days_list ---
[check_materials] 대상: cat_feeding_days_list.json (issue_id=issue_cat_feeding_days_list)
[check_materials] 통과(규칙 v1) — 표식 12개 고유·구조 대칭·누출 0
[plan] issue_cat_feeding_days_list · gpt — 18판 (판당 8콜 + 반려 최대 3) · dry=False · 재료 945f4957b5ae
[skip] gpt/C0_A_rep1 — 결과 존재
[done] gpt/C0_A_rep2 · 호출 9
[done] gpt/C0_A_rep3 · 호출 9
[skip] gpt/C0_B_rep1 — 결과 존재
[done] gpt/C0_B_rep2 · 호출 9
[done] gpt/C0_B_rep3 · 호출 9
[done] gpt/C1_A_rep1 · 호출 9
[done] gpt/C1_A_rep2 · 호출 9
[done] gpt/C1_A_rep3 · 호출 9
[done] gpt/C1_B_rep1 · 호출 9
[done] gpt/C1_B_rep2 · 호출 9
[done] gpt/C1_B_rep3 · 호출 9
[done] gpt/C2_A_rep1 · 호출 9
[done] gpt/C2_A_rep2 · 호출 9
[done] gpt/C2_A_rep3 · 호출 9
[done] gpt/C2_B_rep1 · 호출 9
[done] gpt/C2_B_rep2 · 호출 9
[done] gpt/C2_B_rep3 · 호출 9
--- [5/39] issue_cat_feeding_entry_list ---
[check_materials] 대상: cat_feeding_entry_list.json (issue_id=issue_cat_feeding_entry_list)
[check_materials] 통과(규칙 v1) — 표식 12개 고유·구조 대칭·누출 0
[plan] issue_cat_feeding_entry_list · gpt — 18판 (판당 8콜 + 반려 최대 3) · dry=False · 재료 e55aa0e320f2
[skip] gpt/C0_A_rep1 — 결과 존재
[done] gpt/C0_A_rep2 · 호출 9
[done] gpt/C0_A_rep3 · 호출 9
[skip] gpt/C0_B_rep1 — 결과 존재
[done] gpt/C0_B_rep2 · 호출 9
[done] gpt/C0_B_rep3 · 호출 9
[done] gpt/C1_A_rep1 · 호출 9
[done] gpt/C1_A_rep2 · 호출 9
[done] gpt/C1_A_rep3 · 호출 9
[done] gpt/C1_B_rep1 · 호출 9
[done] gpt/C1_B_rep2 · 호출 9
[done] gpt/C1_B_rep3 · 호출 9
[done] gpt/C2_A_rep1 · 호출 9
[done] gpt/C2_A_rep2 · 호출 9
[done] gpt/C2_A_rep3 · 호출 9
[done] gpt/C2_B_rep1 · 호출 9
[done] gpt/C2_B_rep2 · 호출 9
[done] gpt/C2_B_rep3 · 호출 9
--- [6/39] issue_cat_feeding_evenweight ---
[check_materials] 대상: cat_feeding_evenweight.json (issue_id=issue_cat_feeding_evenweight)
[check_materials] 통과(규칙 v1) — 표식 12개 고유·구조 대칭·누출 0
[plan] issue_cat_feeding_evenweight · gpt — 18판 (판당 8콜 + 반려 최대 3) · dry=False · 재료 bdc190a4f80b
[done] gpt/C0_A_rep1 · 호출 8
[done] gpt/C0_A_rep2 · 호출 8
[done] gpt/C0_A_rep3 · 호출 8
[done] gpt/C0_B_rep1 · 호출 8
[done] gpt/C0_B_rep2 · 호출 8
[done] gpt/C0_B_rep3 · 호출 8
[done] gpt/C1_A_rep1 · 호출 8
[done] gpt/C1_A_rep2 · 호출 8
[done] gpt/C1_A_rep3 · 호출 8
[done] gpt/C1_B_rep1 · 호출 8
[done] gpt/C1_B_rep2 · 호출 8
[done] gpt/C1_B_rep3 · 호출 8
[done] gpt/C2_A_rep1 · 호출 8
[done] gpt/C2_A_rep2 · 호출 8
[done] gpt/C2_A_rep3 · 호출 8
[done] gpt/C2_B_rep1 · 호출 8
[done] gpt/C2_B_rep2 · 호출 8
[done] gpt/C2_B_rep3 · 호출 8
--- [7/39] issue_cat_feeding_harm ---
[check_materials] 대상: cat_feeding_harm.json (issue_id=issue_cat_feeding_harm)
[check_materials] 통과(규칙 v1) — 표식 12개 고유·구조 대칭·누출 0
[plan] issue_cat_feeding_harm · gpt — 18판 (판당 8콜 + 반려 최대 3) · dry=False · 재료 cdcc0ca943cf
[skip] gpt/C0_A_rep1 — 결과 존재
[done] gpt/C0_A_rep2 · 호출 8
[done] gpt/C0_A_rep3 · 호출 8
[skip] gpt/C0_B_rep1 — 결과 존재
[done] gpt/C0_B_rep2 · 호출 8
[done] gpt/C0_B_rep3 · 호출 8
[done] gpt/C1_A_rep1 · 호출 8
[done] gpt/C1_A_rep2 · 호출 8
[done] gpt/C1_A_rep3 · 호출 8
[done] gpt/C1_B_rep1 · 호출 8
[done] gpt/C1_B_rep2 · 호출 8
[done] gpt/C1_B_rep3 · 호출 8
[done] gpt/C2_A_rep1 · 호출 8
[done] gpt/C2_A_rep2 · 호출 8
[done] gpt/C2_A_rep3 · 호출 8
[done] gpt/C2_B_rep1 · 호출 8
[done] gpt/C2_B_rep2 · 호출 8
[done] gpt/C2_B_rep3 · 호출 8
--- [8/39] issue_cat_feeding_party ---
[check_materials] 대상: cat_feeding_party.json (issue_id=issue_cat_feeding_party)
[check_materials] 통과(규칙 v1) — 표식 12개 고유·구조 대칭·누출 0
[plan] issue_cat_feeding_party · gpt — 18판 (판당 8콜 + 반려 최대 3) · dry=False · 재료 e64beb9f44e7
[skip] gpt/C0_A_rep1 — 결과 존재
[done] gpt/C0_A_rep2 · 호출 8
[done] gpt/C0_A_rep3 · 호출 8
[skip] gpt/C0_B_rep1 — 결과 존재
[done] gpt/C0_B_rep2 · 호출 8
[done] gpt/C0_B_rep3 · 호출 8
[done] gpt/C1_A_rep1 · 호출 8
[done] gpt/C1_A_rep2 · 호출 8
[done] gpt/C1_A_rep3 · 호출 8
[done] gpt/C1_B_rep1 · 호출 8
[done] gpt/C1_B_rep2 · 호출 8
[done] gpt/C1_B_rep3 · 호출 8
[done] gpt/C2_A_rep1 · 호출 8
[done] gpt/C2_A_rep2 · 호출 8
[done] gpt/C2_A_rep3 · 호출 8
[done] gpt/C2_B_rep1 · 호출 8
[done] gpt/C2_B_rep2 · 호출 8
[done] gpt/C2_B_rep3 · 호출 8
--- [9/39] issue_cat_feeding_plainvalue ---
[check_materials] 대상: cat_feeding_plainvalue.json (issue_id=issue_cat_feeding_plainvalue)
[check_materials] 통과(규칙 v1) — 표식 12개 고유·구조 대칭·누출 0
[plan] issue_cat_feeding_plainvalue · gpt — 18판 (판당 8콜 + 반려 최대 3) · dry=False · 재료 dd584f366467
[skip] gpt/C0_A_rep1 — 결과 존재
[done] gpt/C0_A_rep2 · 호출 8
[done] gpt/C0_A_rep3 · 호출 8
[skip] gpt/C0_B_rep1 — 결과 존재
[done] gpt/C0_B_rep2 · 호출 8
[done] gpt/C0_B_rep3 · 호출 8
[done] gpt/C1_A_rep1 · 호출 8
[done] gpt/C1_A_rep2 · 호출 8
[done] gpt/C1_A_rep3 · 호출 8
[done] gpt/C1_B_rep1 · 호출 8
[done] gpt/C1_B_rep2 · 호출 8
[done] gpt/C1_B_rep3 · 호출 8
[done] gpt/C2_A_rep1 · 호출 8
[done] gpt/C2_A_rep2 · 호출 8
[done] gpt/C2_A_rep3 · 호출 8
[done] gpt/C2_B_rep1 · 호출 8
[done] gpt/C2_B_rep2 · 호출 8
[done] gpt/C2_B_rep3 · 호출 8
--- [10/39] issue_cat_feeding_shared ---
[check_materials] 대상: cat_feeding_shared.json (issue_id=issue_cat_feeding_shared)
[check_materials] 통과(규칙 v1) — 표식 12개 고유·구조 대칭·누출 0
[plan] issue_cat_feeding_shared · gpt — 18판 (판당 8콜 + 반려 최대 3) · dry=False · 재료 95de224cb2db
[skip] gpt/C0_A_rep1 — 결과 존재
[done] gpt/C0_A_rep2 · 호출 8
[done] gpt/C0_A_rep3 · 호출 8
[skip] gpt/C0_B_rep1 — 결과 존재
[done] gpt/C0_B_rep2 · 호출 8
[done] gpt/C0_B_rep3 · 호출 8
[done] gpt/C1_A_rep1 · 호출 8
[done] gpt/C1_A_rep2 · 호출 8
[done] gpt/C1_A_rep3 · 호출 8
[done] gpt/C1_B_rep1 · 호출 8
[done] gpt/C1_B_rep2 · 호출 8
[done] gpt/C1_B_rep3 · 호출 8
[done] gpt/C2_A_rep1 · 호출 8
[done] gpt/C2_A_rep2 · 호출 8
[done] gpt/C2_A_rep3 · 호출 8
[done] gpt/C2_B_rep1 · 호출 8
[done] gpt/C2_B_rep2 · 호출 8
[done] gpt/C2_B_rep3 · 호출 8
--- [11/39] issue_childcare ---
[check_materials] 대상: issue_childcare.json (issue_id=issue_childcare)
[check_materials] 통과(규칙 v1) — 표식 12개 고유·구조 대칭·누출 0
[plan] issue_childcare · gpt — 18판 (판당 8콜 + 반려 최대 3) · dry=False · 재료 bfce840c767a
[done] gpt/C0_A_rep1 · 호출 8
[done] gpt/C0_A_rep2 · 호출 8
[done] gpt/C0_A_rep3 · 호출 8
[done] gpt/C0_B_rep1 · 호출 8
[done] gpt/C0_B_rep2 · 호출 8
[done] gpt/C0_B_rep3 · 호출 8
[done] gpt/C1_A_rep1 · 호출 8
[done] gpt/C1_A_rep2 · 호출 8
[done] gpt/C1_A_rep3 · 호출 8
[done] gpt/C1_B_rep1 · 호출 8
[done] gpt/C1_B_rep2 · 호출 8
[done] gpt/C1_B_rep3 · 호출 8
[done] gpt/C2_A_rep1 · 호출 8
[done] gpt/C2_A_rep2 · 호출 8
[done] gpt/C2_A_rep3 · 호출 8
[done] gpt/C2_B_rep1 · 호출 8
[done] gpt/C2_B_rep2 · 호출 8
[done] gpt/C2_B_rep3 · 호출 8
--- [12/39] issue_childcare_party ---
[check_materials] 대상: childcare_party.json (issue_id=issue_childcare_party)
[check_materials] 통과(규칙 v1) — 표식 12개 고유·구조 대칭·누출 0
[plan] issue_childcare_party · gpt — 18판 (판당 8콜 + 반려 최대 3) · dry=False · 재료 1ee3dd197a77
[skip] gpt/C0_A_rep1 — 결과 존재
[done] gpt/C0_A_rep2 · 호출 8
[done] gpt/C0_A_rep3 · 호출 8
[skip] gpt/C0_B_rep1 — 결과 존재
[done] gpt/C0_B_rep2 · 호출 8
[done] gpt/C0_B_rep3 · 호출 8
[done] gpt/C1_A_rep1 · 호출 8
[done] gpt/C1_A_rep2 · 호출 8
[done] gpt/C1_A_rep3 · 호출 8
[done] gpt/C1_B_rep1 · 호출 8
[done] gpt/C1_B_rep2 · 호출 8
[done] gpt/C1_B_rep3 · 호출 8
[done] gpt/C2_A_rep1 · 호출 8
[done] gpt/C2_A_rep2 · 호출 8
[done] gpt/C2_A_rep3 · 호출 8
[done] gpt/C2_B_rep1 · 호출 8
[done] gpt/C2_B_rep2 · 호출 8
[done] gpt/C2_B_rep3 · 호출 8
--- [13/39] issue_childcare_room ---
[check_materials] 대상: childcare_room.json (issue_id=issue_childcare_room)
[check_materials] 통과(규칙 v1) — 표식 12개 고유·구조 대칭·누출 0
[plan] issue_childcare_room · gpt — 18판 (판당 8콜 + 반려 최대 3) · dry=False · 재료 8cdfc68efc6c
[skip] gpt/C0_A_rep1 — 결과 존재
[done] gpt/C0_A_rep2 · 호출 8
[done] gpt/C0_A_rep3 · 호출 8
[skip] gpt/C0_B_rep1 — 결과 존재
[done] gpt/C0_B_rep2 · 호출 8
[done] gpt/C0_B_rep3 · 호출 8
[done] gpt/C1_A_rep1 · 호출 8
[done] gpt/C1_A_rep2 · 호출 8
[done] gpt/C1_A_rep3 · 호출 8
[done] gpt/C1_B_rep1 · 호출 8
[done] gpt/C1_B_rep2 · 호출 8
[done] gpt/C1_B_rep3 · 호출 8
[done] gpt/C2_A_rep1 · 호출 8
[done] gpt/C2_A_rep2 · 호출 8
[done] gpt/C2_A_rep3 · 호출 8
[done] gpt/C2_B_rep1 · 호출 8
[done] gpt/C2_B_rep2 · 호출 8
[done] gpt/C2_B_rep3 · 호출 8
--- [14/39] issue_community_cat_feeding ---
[check_materials] 대상: community_cat_feeding.json (issue_id=issue_community_cat_feeding)
[check_materials] 통과(규칙 v1) — 표식 12개 고유·구조 대칭·누출 0
[plan] issue_community_cat_feeding · gpt — 18판 (판당 8콜 + 반려 최대 3) · dry=False · 재료 7d3f036fd62b
[skip] gpt/C0_A_rep1 — 결과 존재
[done] gpt/C0_A_rep2 · 호출 8
[done] gpt/C0_A_rep3 · 호출 8
[skip] gpt/C0_B_rep1 — 결과 존재
[done] gpt/C0_B_rep2 · 호출 8
[done] gpt/C0_B_rep3 · 호출 8
[done] gpt/C1_A_rep1 · 호출 8
[done] gpt/C1_A_rep2 · 호출 8
[done] gpt/C1_A_rep3 · 호출 8
[done] gpt/C1_B_rep1 · 호출 8
[done] gpt/C1_B_rep2 · 호출 8
[done] gpt/C1_B_rep3 · 호출 8
[done] gpt/C2_A_rep1 · 호출 8
[done] gpt/C2_A_rep2 · 호출 8
[done] gpt/C2_A_rep3 · 호출 8
[done] gpt/C2_B_rep1 · 호출 8
[done] gpt/C2_B_rep2 · 호출 8
[done] gpt/C2_B_rep3 · 호출 8
--- [15/39] issue_community_room ---
[check_materials] 대상: community_room_party.json (issue_id=issue_community_room)
[check_materials] 통과(규칙 v1) — 표식 12개 고유·구조 대칭·누출 0
[plan] issue_community_room · gpt — 18판 (판당 8콜 + 반려 최대 3) · dry=False · 재료 b9a22d30ebc5
[skip] gpt/C0_A_rep1 — 결과 존재
[done] gpt/C0_A_rep2 · 호출 8
[done] gpt/C0_A_rep3 · 호출 8
[skip] gpt/C0_B_rep1 — 결과 존재
[done] gpt/C0_B_rep2 · 호출 8
[done] gpt/C0_B_rep3 · 호출 8
[done] gpt/C1_A_rep1 · 호출 8
[done] gpt/C1_A_rep2 · 호출 8
[done] gpt/C1_A_rep3 · 호출 8
[done] gpt/C1_B_rep1 · 호출 8
[done] gpt/C1_B_rep2 · 호출 8
[done] gpt/C1_B_rep3 · 호출 8
[done] gpt/C2_A_rep1 · 호출 8
[done] gpt/C2_A_rep2 · 호출 8
[done] gpt/C2_A_rep3 · 호출 8
[done] gpt/C2_B_rep1 · 호출 8
[done] gpt/C2_B_rep2 · 호출 8
[done] gpt/C2_B_rep3 · 호출 8
--- [16/39] issue_elderdrive ---
[check_materials] 대상: issue_elderdrive.json (issue_id=issue_elderdrive)
[check_materials] 통과(규칙 v1) — 표식 12개 고유·구조 대칭·누출 0
[plan] issue_elderdrive · gpt — 18판 (판당 8콜 + 반려 최대 3) · dry=False · 재료 be132e6715f6
[done] gpt/C0_A_rep1 · 호출 8
[done] gpt/C0_A_rep2 · 호출 8
[done] gpt/C0_A_rep3 · 호출 8
[done] gpt/C0_B_rep1 · 호출 8
[done] gpt/C0_B_rep2 · 호출 8
[done] gpt/C0_B_rep3 · 호출 8
[done] gpt/C1_A_rep1 · 호출 8
[done] gpt/C1_A_rep2 · 호출 8
[done] gpt/C1_A_rep3 · 호출 8
[done] gpt/C1_B_rep1 · 호출 8
[done] gpt/C1_B_rep2 · 호출 8
[done] gpt/C1_B_rep3 · 호출 8
[done] gpt/C2_A_rep1 · 호출 8
[done] gpt/C2_A_rep2 · 호출 8
[done] gpt/C2_A_rep3 · 호출 8
[done] gpt/C2_B_rep1 · 호출 8
[done] gpt/C2_B_rep2 · 호출 8
[done] gpt/C2_B_rep3 · 호출 8
--- [17/39] issue_eol ---
[check_materials] 대상: issue_eol.json (issue_id=issue_eol)
[check_materials] 통과(규칙 v1) — 표식 12개 고유·구조 대칭·누출 0
[plan] issue_eol · gpt — 18판 (판당 8콜 + 반려 최대 3) · dry=False · 재료 85e7bf87b57e
[done] gpt/C0_A_rep1 · 호출 8
[done] gpt/C0_A_rep2 · 호출 8
[done] gpt/C0_A_rep3 · 호출 8
[done] gpt/C0_B_rep1 · 호출 8
[done] gpt/C0_B_rep2 · 호출 8
[done] gpt/C0_B_rep3 · 호출 8
[done] gpt/C1_A_rep1 · 호출 8
[done] gpt/C1_A_rep2 · 호출 8
[done] gpt/C1_A_rep3 · 호출 8
[done] gpt/C1_B_rep1 · 호출 8
[done] gpt/C1_B_rep2 · 호출 8
[done] gpt/C1_B_rep3 · 호출 8
[done] gpt/C2_A_rep1 · 호출 8
[done] gpt/C2_A_rep2 · 호출 8
[done] gpt/C2_A_rep3 · 호출 8
[done] gpt/C2_B_rep1 · 호출 8
[done] gpt/C2_B_rep2 · 호출 8
[done] gpt/C2_B_rep3 · 호출 8
--- [18/39] issue_euthanasia ---
[check_materials] 대상: issue_euthanasia.json (issue_id=issue_euthanasia)
[check_materials] 통과(규칙 v1) — 표식 12개 고유·구조 대칭·누출 0
[plan] issue_euthanasia · gpt — 18판 (판당 8콜 + 반려 최대 3) · dry=False · 재료 84fbacbedd4e
[done] gpt/C0_A_rep1 · 호출 8
[done] gpt/C0_A_rep2 · 호출 8
[done] gpt/C0_A_rep3 · 호출 8
[done] gpt/C0_B_rep1 · 호출 8
[done] gpt/C0_B_rep2 · 호출 8
[done] gpt/C0_B_rep3 · 호출 8
[done] gpt/C1_A_rep1 · 호출 8
[done] gpt/C1_A_rep2 · 호출 8
[done] gpt/C1_A_rep3 · 호출 8
[done] gpt/C1_B_rep1 · 호출 8
[done] gpt/C1_B_rep2 · 호출 8
[done] gpt/C1_B_rep3 · 호출 8
[done] gpt/C2_A_rep1 · 호출 8
[done] gpt/C2_A_rep2 · 호출 8
[done] gpt/C2_A_rep3 · 호출 8
[done] gpt/C2_B_rep1 · 호출 8
[done] gpt/C2_B_rep2 · 호출 8
[done] gpt/C2_B_rep3 · 호출 8
--- [19/39] issue_examaccom ---
[check_materials] 대상: issue_examaccom.json (issue_id=issue_examaccom)
[check_materials] 통과(규칙 v1) — 표식 12개 고유·구조 대칭·누출 0
[plan] issue_examaccom · gpt — 18판 (판당 8콜 + 반려 최대 3) · dry=False · 재료 bedab586e8b7
[done] gpt/C0_A_rep1 · 호출 8
[done] gpt/C0_A_rep2 · 호출 8
[done] gpt/C0_A_rep3 · 호출 8
[done] gpt/C0_B_rep1 · 호출 8
[done] gpt/C0_B_rep2 · 호출 8
[done] gpt/C0_B_rep3 · 호출 8
[done] gpt/C1_A_rep1 · 호출 8
[done] gpt/C1_A_rep2 · 호출 8
[done] gpt/C1_A_rep3 · 호출 8
[done] gpt/C1_B_rep1 · 호출 8
[done] gpt/C1_B_rep2 · 호출 8
[done] gpt/C1_B_rep3 · 호출 8
[done] gpt/C2_A_rep1 · 호출 8
[done] gpt/C2_A_rep2 · 호출 8
[done] gpt/C2_A_rep3 · 호출 8
[done] gpt/C2_B_rep1 · 호출 8
[done] gpt/C2_B_rep2 · 호출 8
[done] gpt/C2_B_rep3 · 호출 8
--- [20/39] issue_floor_noise ---
[check_materials] 대상: floor_noise_party.json (issue_id=issue_floor_noise)
[check_materials] 통과(규칙 v1) — 표식 12개 고유·구조 대칭·누출 0
[plan] issue_floor_noise · gpt — 18판 (판당 8콜 + 반려 최대 3) · dry=False · 재료 953e800c0ca1
[skip] gpt/C0_A_rep1 — 결과 존재
[done] gpt/C0_A_rep2 · 호출 8
[done] gpt/C0_A_rep3 · 호출 8
[skip] gpt/C0_B_rep1 — 결과 존재
[done] gpt/C0_B_rep2 · 호출 8
[done] gpt/C0_B_rep3 · 호출 8
[done] gpt/C1_A_rep1 · 호출 8
[done] gpt/C1_A_rep2 · 호출 8
[done] gpt/C1_A_rep3 · 호출 8
[done] gpt/C1_B_rep1 · 호출 8
[done] gpt/C1_B_rep2 · 호출 8
[done] gpt/C1_B_rep3 · 호출 8
[done] gpt/C2_A_rep1 · 호출 8
[done] gpt/C2_A_rep2 · 호출 8
[done] gpt/C2_A_rep3 · 호출 8
[done] gpt/C2_B_rep1 · 호출 8
[done] gpt/C2_B_rep2 · 호출 8
[done] gpt/C2_B_rep3 · 호출 8
--- [21/39] issue_garden_plot ---
[check_materials] 대상: garden_plot_party.json (issue_id=issue_garden_plot)
[check_materials] 통과(규칙 v1) — 표식 12개 고유·구조 대칭·누출 0
[plan] issue_garden_plot · gpt — 18판 (판당 8콜 + 반려 최대 3) · dry=False · 재료 c018b6d7605e
[skip] gpt/C0_A_rep1 — 결과 존재
[done] gpt/C0_A_rep2 · 호출 8
[done] gpt/C0_A_rep3 · 호출 8
[skip] gpt/C0_B_rep1 — 결과 존재
[done] gpt/C0_B_rep2 · 호출 8
[done] gpt/C0_B_rep3 · 호출 8
[done] gpt/C1_A_rep1 · 호출 8
[done] gpt/C1_A_rep2 · 호출 8
[done] gpt/C1_A_rep3 · 호출 8
[done] gpt/C1_B_rep1 · 호출 8
[done] gpt/C1_B_rep2 · 호출 8
[done] gpt/C1_B_rep3 · 호출 8
[done] gpt/C2_A_rep1 · 호출 8
[done] gpt/C2_A_rep2 · 호출 8
[done] gpt/C2_A_rep3 · 호출 8
[done] gpt/C2_B_rep1 · 호출 8
[done] gpt/C2_B_rep2 · 호출 8
[done] gpt/C2_B_rep3 · 호출 8
--- [22/39] issue_parentalreturn ---
[check_materials] 대상: issue_parentalreturn.json (issue_id=issue_parentalreturn)
[check_materials] 통과(규칙 v1) — 표식 12개 고유·구조 대칭·누출 0
[plan] issue_parentalreturn · gpt — 18판 (판당 8콜 + 반려 최대 3) · dry=False · 재료 2cb32fba6dc5
[done] gpt/C0_A_rep1 · 호출 8
[done] gpt/C0_A_rep2 · 호출 8
[done] gpt/C0_A_rep3 · 호출 8
[done] gpt/C0_B_rep1 · 호출 8
[done] gpt/C0_B_rep2 · 호출 8
[done] gpt/C0_B_rep3 · 호출 8
[done] gpt/C1_A_rep1 · 호출 8
[done] gpt/C1_A_rep2 · 호출 8
[done] gpt/C1_A_rep3 · 호출 8
[done] gpt/C1_B_rep1 · 호출 8
[done] gpt/C1_B_rep2 · 호출 8
[done] gpt/C1_B_rep3 · 호출 8
[done] gpt/C2_A_rep1 · 호출 8
[done] gpt/C2_A_rep2 · 호출 8
[done] gpt/C2_A_rep3 · 호출 8
[done] gpt/C2_B_rep1 · 호출 8
[done] gpt/C2_B_rep2 · 호출 8
[done] gpt/C2_B_rep3 · 호출 8
--- [23/39] issue_recycling_room ---
[check_materials] 대상: recycling_room.json (issue_id=issue_recycling_room)
[check_materials] 통과(규칙 v1) — 표식 12개 고유·구조 대칭·누출 0
[plan] issue_recycling_room · gpt — 18판 (판당 8콜 + 반려 최대 3) · dry=False · 재료 f3c6140ae683
[skip] gpt/C0_A_rep1 — 결과 존재
[done] gpt/C0_A_rep2 · 호출 8
[done] gpt/C0_A_rep3 · 호출 8
[skip] gpt/C0_B_rep1 — 결과 존재
[done] gpt/C0_B_rep2 · 호출 8
[done] gpt/C0_B_rep3 · 호출 8
[done] gpt/C1_A_rep1 · 호출 8
[done] gpt/C1_A_rep2 · 호출 8
[done] gpt/C1_A_rep3 · 호출 8
[done] gpt/C1_B_rep1 · 호출 8
[done] gpt/C1_B_rep2 · 호출 8
[done] gpt/C1_B_rep3 · 호출 8
[done] gpt/C2_A_rep1 · 호출 8
[done] gpt/C2_A_rep2 · 호출 8
[done] gpt/C2_A_rep3 · 호출 8
[done] gpt/C2_B_rep1 · 호출 8
[done] gpt/C2_B_rep2 · 호출 8
[done] gpt/C2_B_rep3 · 호출 8
--- [24/39] issue_recycling_room_party ---
[check_materials] 대상: recycling_room_party.json (issue_id=issue_recycling_room_party)
[check_materials] 통과(규칙 v1) — 표식 12개 고유·구조 대칭·누출 0
[plan] issue_recycling_room_party · gpt — 18판 (판당 8콜 + 반려 최대 3) · dry=False · 재료 cb24e2cb38f5
[skip] gpt/C0_A_rep1 — 결과 존재
[done] gpt/C0_A_rep2 · 호출 8
[done] gpt/C0_A_rep3 · 호출 8
[skip] gpt/C0_B_rep1 — 결과 존재
[done] gpt/C0_B_rep2 · 호출 8
[done] gpt/C0_B_rep3 · 호출 8
[done] gpt/C1_A_rep1 · 호출 8
[done] gpt/C1_A_rep2 · 호출 8
[done] gpt/C1_A_rep3 · 호출 8
[done] gpt/C1_B_rep1 · 호출 8
[done] gpt/C1_B_rep2 · 호출 8
[done] gpt/C1_B_rep3 · 호출 8
[done] gpt/C2_A_rep1 · 호출 8
[done] gpt/C2_A_rep2 · 호출 8
[done] gpt/C2_A_rep3 · 호출 8
[done] gpt/C2_B_rep1 · 호출 8
[done] gpt/C2_B_rep2 · 호출 8
[done] gpt/C2_B_rep3 · 호출 8
--- [25/39] issue_remotewatch ---
[check_materials] 대상: issue_remotewatch.json (issue_id=issue_remotewatch)
[check_materials] 통과(규칙 v1) — 표식 12개 고유·구조 대칭·누출 0
[plan] issue_remotewatch · gpt — 18판 (판당 8콜 + 반려 최대 3) · dry=False · 재료 6cab37beb5f6
[done] gpt/C0_A_rep1 · 호출 8
[done] gpt/C0_A_rep2 · 호출 8
[done] gpt/C0_A_rep3 · 호출 8
[done] gpt/C0_B_rep1 · 호출 8
[done] gpt/C0_B_rep2 · 호출 8
[done] gpt/C0_B_rep3 · 호출 8
[done] gpt/C1_A_rep1 · 호출 8
[done] gpt/C1_A_rep2 · 호출 8
[done] gpt/C1_A_rep3 · 호출 8
[done] gpt/C1_B_rep1 · 호출 8
[done] gpt/C1_B_rep2 · 호출 8
[done] gpt/C1_B_rep3 · 호출 8
[done] gpt/C2_A_rep1 · 호출 8
[done] gpt/C2_A_rep2 · 호출 8
[done] gpt/C2_A_rep3 · 호출 8
[done] gpt/C2_B_rep1 · 호출 8
[done] gpt/C2_B_rep2 · 호출 8
[done] gpt/C2_B_rep3 · 호출 8
--- [26/39] issue_restaurant_anniversary ---
[check_materials] 대상: restaurant_anniversary.json (issue_id=issue_restaurant_anniversary)
[check_materials] 통과(규칙 v1) — 표식 12개 고유·구조 대칭·누출 0
[plan] issue_restaurant_anniversary · gpt — 18판 (판당 8콜 + 반려 최대 3) · dry=False · 재료 6486b950be80
[skip] gpt/C0_A_rep1 — 결과 존재
[done] gpt/C0_A_rep2 · 호출 8
[done] gpt/C0_A_rep3 · 호출 8
[skip] gpt/C0_B_rep1 — 결과 존재
[done] gpt/C0_B_rep2 · 호출 8
[done] gpt/C0_B_rep3 · 호출 8
[done] gpt/C1_A_rep1 · 호출 8
[done] gpt/C1_A_rep2 · 호출 8
[done] gpt/C1_A_rep3 · 호출 8
[done] gpt/C1_B_rep1 · 호출 8
[done] gpt/C1_B_rep2 · 호출 8
[done] gpt/C1_B_rep3 · 호출 8
[done] gpt/C2_A_rep1 · 호출 8
[done] gpt/C2_A_rep2 · 호출 8
[done] gpt/C2_A_rep3 · 호출 8
[done] gpt/C2_B_rep1 · 호출 8
[done] gpt/C2_B_rep2 · 호출 8
[done] gpt/C2_B_rep3 · 호출 8
--- [27/39] issue_restaurant_biz_meeting ---
[check_materials] 대상: restaurant_biz_meeting.json (issue_id=issue_restaurant_biz_meeting)
[check_materials] 통과(규칙 v1) — 표식 12개 고유·구조 대칭·누출 0
[plan] issue_restaurant_biz_meeting · gpt — 18판 (판당 8콜 + 반려 최대 3) · dry=False · 재료 37de05a5fd9d
[skip] gpt/C0_A_rep1 — 결과 존재
[done] gpt/C0_A_rep2 · 호출 8
[done] gpt/C0_A_rep3 · 호출 8
[skip] gpt/C0_B_rep1 — 결과 존재
[done] gpt/C0_B_rep2 · 호출 8
[done] gpt/C0_B_rep3 · 호출 8
[done] gpt/C1_A_rep1 · 호출 8
[done] gpt/C1_A_rep2 · 호출 8
[done] gpt/C1_A_rep3 · 호출 8
[done] gpt/C1_B_rep1 · 호출 8
[done] gpt/C1_B_rep2 · 호출 8
[done] gpt/C1_B_rep3 · 호출 8
[done] gpt/C2_A_rep1 · 호출 8
[done] gpt/C2_A_rep2 · 호출 8
[done] gpt/C2_A_rep3 · 호출 8
[done] gpt/C2_B_rep1 · 호출 8
[done] gpt/C2_B_rep2 · 호출 8
[done] gpt/C2_B_rep3 · 호출 8
--- [28/39] issue_restaurant_brunch ---
[check_materials] 대상: restaurant_brunch.json (issue_id=issue_restaurant_brunch)
[check_materials] 통과(규칙 v1) — 표식 12개 고유·구조 대칭·누출 0
[plan] issue_restaurant_brunch · gpt — 18판 (판당 8콜 + 반려 최대 3) · dry=False · 재료 575e28f3d265
[skip] gpt/C0_A_rep1 — 결과 존재
[done] gpt/C0_A_rep2 · 호출 8
[done] gpt/C0_A_rep3 · 호출 8
[skip] gpt/C0_B_rep1 — 결과 존재
[done] gpt/C0_B_rep2 · 호출 8
[done] gpt/C0_B_rep3 · 호출 8
[done] gpt/C1_A_rep1 · 호출 8
[done] gpt/C1_A_rep2 · 호출 8
[done] gpt/C1_A_rep3 · 호출 8
[done] gpt/C1_B_rep1 · 호출 8
[done] gpt/C1_B_rep2 · 호출 8
[done] gpt/C1_B_rep3 · 호출 8
[done] gpt/C2_A_rep1 · 호출 8
[done] gpt/C2_A_rep2 · 호출 8
[done] gpt/C2_A_rep3 · 호출 8
[done] gpt/C2_B_rep1 · 호출 8
[done] gpt/C2_B_rep2 · 호출 8
[done] gpt/C2_B_rep3 · 호출 8
--- [29/39] issue_restaurant_date ---
[check_materials] 대상: restaurant_date.json (issue_id=issue_restaurant_date)
[check_materials] 통과(규칙 v1) — 표식 12개 고유·구조 대칭·누출 0
[plan] issue_restaurant_date · gpt — 18판 (판당 8콜 + 반려 최대 3) · dry=False · 재료 f41e4b404e5b
[skip] gpt/C0_A_rep1 — 결과 존재
[done] gpt/C0_A_rep2 · 호출 8
[done] gpt/C0_A_rep3 · 호출 8
[skip] gpt/C0_B_rep1 — 결과 존재
[done] gpt/C0_B_rep2 · 호출 8
[done] gpt/C0_B_rep3 · 호출 8
[done] gpt/C1_A_rep1 · 호출 8
[done] gpt/C1_A_rep2 · 호출 8
[done] gpt/C1_A_rep3 · 호출 8
[done] gpt/C1_B_rep1 · 호출 8
[done] gpt/C1_B_rep2 · 호출 8
[done] gpt/C1_B_rep3 · 호출 8
[done] gpt/C2_A_rep1 · 호출 8
[done] gpt/C2_A_rep2 · 호출 8
[done] gpt/C2_A_rep3 · 호출 8
[done] gpt/C2_B_rep1 · 호출 8
[done] gpt/C2_B_rep2 · 호출 8
[done] gpt/C2_B_rep3 · 호출 8
--- [30/39] issue_restaurant_elders ---
[check_materials] 대상: restaurant_elders.json (issue_id=issue_restaurant_elders)
[check_materials] 통과(규칙 v1) — 표식 12개 고유·구조 대칭·누출 0
[plan] issue_restaurant_elders · gpt — 18판 (판당 8콜 + 반려 최대 3) · dry=False · 재료 96c2c0101d47
[skip] gpt/C0_A_rep1 — 결과 존재
[done] gpt/C0_A_rep2 · 호출 8
[done] gpt/C0_A_rep3 · 호출 8
[skip] gpt/C0_B_rep1 — 결과 존재
[done] gpt/C0_B_rep2 · 호출 8
[done] gpt/C0_B_rep3 · 호출 8
[done] gpt/C1_A_rep1 · 호출 8
[done] gpt/C1_A_rep2 · 호출 8
[done] gpt/C1_A_rep3 · 호출 8
[done] gpt/C1_B_rep1 · 호출 8
[done] gpt/C1_B_rep2 · 호출 8
[done] gpt/C1_B_rep3 · 호출 8
[done] gpt/C2_A_rep1 · 호출 8
[done] gpt/C2_A_rep2 · 호출 8
[done] gpt/C2_A_rep3 · 호출 8
[done] gpt/C2_B_rep1 · 호출 8
[done] gpt/C2_B_rep2 · 호출 8
[done] gpt/C2_B_rep3 · 호출 8
--- [31/39] issue_restaurant_kids ---
[check_materials] 대상: restaurant_kids.json (issue_id=issue_restaurant_kids)
[check_materials] 통과(규칙 v1) — 표식 12개 고유·구조 대칭·누출 0
[plan] issue_restaurant_kids · gpt — 18판 (판당 8콜 + 반려 최대 3) · dry=False · 재료 12ee8781ee3f
[skip] gpt/C0_A_rep1 — 결과 존재
[done] gpt/C0_A_rep2 · 호출 8
[done] gpt/C0_A_rep3 · 호출 8
[skip] gpt/C0_B_rep1 — 결과 존재
[done] gpt/C0_B_rep2 · 호출 8
[done] gpt/C0_B_rep3 · 호출 8
[done] gpt/C1_A_rep1 · 호출 8
[done] gpt/C1_A_rep2 · 호출 8
[done] gpt/C1_A_rep3 · 호출 8
[done] gpt/C1_B_rep1 · 호출 8
[done] gpt/C1_B_rep2 · 호출 8
[done] gpt/C1_B_rep3 · 호출 8
[done] gpt/C2_A_rep1 · 호출 8
[done] gpt/C2_A_rep2 · 호출 8
[done] gpt/C2_A_rep3 · 호출 8
[done] gpt/C2_B_rep1 · 호출 8
[done] gpt/C2_B_rep2 · 호출 8
[done] gpt/C2_B_rep3 · 호출 8
--- [32/39] issue_restaurant_office_lunch ---
[check_materials] 대상: restaurant_office_lunch.json (issue_id=issue_restaurant_office_lunch)
[check_materials] 통과(규칙 v1) — 표식 12개 고유·구조 대칭·누출 0
[plan] issue_restaurant_office_lunch · gpt — 18판 (판당 8콜 + 반려 최대 3) · dry=False · 재료 2cb192df0814
[skip] gpt/C0_A_rep1 — 결과 존재
[done] gpt/C0_A_rep2 · 호출 8
[done] gpt/C0_A_rep3 · 호출 8
[skip] gpt/C0_B_rep1 — 결과 존재
[done] gpt/C0_B_rep2 · 호출 8
[done] gpt/C0_B_rep3 · 호출 8
[done] gpt/C1_A_rep1 · 호출 8
[done] gpt/C1_A_rep2 · 호출 8
[done] gpt/C1_A_rep3 · 호출 8
[done] gpt/C1_B_rep1 · 호출 8
[done] gpt/C1_B_rep2 · 호출 8
[done] gpt/C1_B_rep3 · 호출 8
[done] gpt/C2_A_rep1 · 호출 8
[done] gpt/C2_A_rep2 · 호출 8
[done] gpt/C2_A_rep3 · 호출 8
[done] gpt/C2_B_rep1 · 호출 8
[done] gpt/C2_B_rep2 · 호출 8
[done] gpt/C2_B_rep3 · 호출 8
--- [33/39] issue_restaurant_sanggyeollye ---
[check_materials] 대상: restaurant_sanggyeollye.json (issue_id=issue_restaurant_sanggyeollye)
[check_materials] 통과(규칙 v1) — 표식 12개 고유·구조 대칭·누출 0
[plan] issue_restaurant_sanggyeollye · gpt — 18판 (판당 8콜 + 반려 최대 3) · dry=False · 재료 6df0202a3375
[skip] gpt/C0_A_rep1 — 결과 존재
[done] gpt/C0_A_rep2 · 호출 8
[done] gpt/C0_A_rep3 · 호출 8
[skip] gpt/C0_B_rep1 — 결과 존재
[done] gpt/C0_B_rep2 · 호출 8
[done] gpt/C0_B_rep3 · 호출 8
[done] gpt/C1_A_rep1 · 호출 8
[done] gpt/C1_A_rep2 · 호출 8
[done] gpt/C1_A_rep3 · 호출 8
[done] gpt/C1_B_rep1 · 호출 8
[done] gpt/C1_B_rep2 · 호출 8
[done] gpt/C1_B_rep3 · 호출 8
[done] gpt/C2_A_rep1 · 호출 8
[done] gpt/C2_A_rep2 · 호출 8
[done] gpt/C2_A_rep3 · 호출 8
[done] gpt/C2_B_rep1 · 호출 8
[done] gpt/C2_B_rep2 · 호출 8
[done] gpt/C2_B_rep3 · 호출 8
--- [34/39] issue_restaurant_sogaeting ---
[check_materials] 대상: restaurant_sogaeting.json (issue_id=issue_restaurant_sogaeting)
[check_materials] 통과(규칙 v1) — 표식 12개 고유·구조 대칭·누출 0
[plan] issue_restaurant_sogaeting · gpt — 18판 (판당 8콜 + 반려 최대 3) · dry=False · 재료 9621ed5954bb
[skip] gpt/C0_A_rep1 — 결과 존재
[done] gpt/C0_A_rep2 · 호출 8
[done] gpt/C0_A_rep3 · 호출 8
[skip] gpt/C0_B_rep1 — 결과 존재
[done] gpt/C0_B_rep2 · 호출 8
[done] gpt/C0_B_rep3 · 호출 8
[done] gpt/C1_A_rep1 · 호출 8
[done] gpt/C1_A_rep2 · 호출 8
[done] gpt/C1_A_rep3 · 호출 8
[done] gpt/C1_B_rep1 · 호출 8
[done] gpt/C1_B_rep2 · 호출 8
[done] gpt/C1_B_rep3 · 호출 8
[done] gpt/C2_A_rep1 · 호출 8
[done] gpt/C2_A_rep2 · 호출 8
[done] gpt/C2_A_rep3 · 호출 8
[done] gpt/C2_B_rep1 · 호출 8
[done] gpt/C2_B_rep2 · 호출 8
[done] gpt/C2_B_rep3 · 호출 8
--- [35/39] issue_restaurant_solo ---
[check_materials] 대상: restaurant_solo.json (issue_id=issue_restaurant_solo)
[check_materials] 통과(규칙 v1) — 표식 12개 고유·구조 대칭·누출 0
[plan] issue_restaurant_solo · gpt — 18판 (판당 8콜 + 반려 최대 3) · dry=False · 재료 6ab9d97a23fe
[skip] gpt/C0_A_rep1 — 결과 존재
[done] gpt/C0_A_rep2 · 호출 8
[done] gpt/C0_A_rep3 · 호출 8
[skip] gpt/C0_B_rep1 — 결과 존재
[done] gpt/C0_B_rep2 · 호출 8
[done] gpt/C0_B_rep3 · 호출 8
[done] gpt/C1_A_rep1 · 호출 8
[done] gpt/C1_A_rep2 · 호출 8
[done] gpt/C1_A_rep3 · 호출 8
[done] gpt/C1_B_rep1 · 호출 8
[done] gpt/C1_B_rep2 · 호출 8
[done] gpt/C1_B_rep3 · 호출 8
[done] gpt/C2_A_rep1 · 호출 8
[done] gpt/C2_A_rep2 · 호출 8
[done] gpt/C2_A_rep3 · 호출 8
[done] gpt/C2_B_rep1 · 호출 8
[done] gpt/C2_B_rep2 · 호출 8
[done] gpt/C2_B_rep3 · 호출 8
--- [36/39] issue_shelter ---
[check_materials] 대상: issue_shelter.json (issue_id=issue_shelter)
[check_materials] 통과(규칙 v1) — 표식 12개 고유·구조 대칭·누출 0
[plan] issue_shelter · gpt — 18판 (판당 8콜 + 반려 최대 3) · dry=False · 재료 aa3eef04c672
[done] gpt/C0_A_rep1 · 호출 8
[done] gpt/C0_A_rep2 · 호출 8
[done] gpt/C0_A_rep3 · 호출 8
[done] gpt/C0_B_rep1 · 호출 8
[done] gpt/C0_B_rep2 · 호출 8
[done] gpt/C0_B_rep3 · 호출 8
[done] gpt/C1_A_rep1 · 호출 8
[done] gpt/C1_A_rep2 · 호출 8
[done] gpt/C1_A_rep3 · 호출 8
[done] gpt/C1_B_rep1 · 호출 8
[done] gpt/C1_B_rep2 · 호출 8
[done] gpt/C1_B_rep3 · 호출 8
[done] gpt/C2_A_rep1 · 호출 8
[done] gpt/C2_A_rep2 · 호출 8
[done] gpt/C2_A_rep3 · 호출 8
[done] gpt/C2_B_rep1 · 호출 8
[done] gpt/C2_B_rep2 · 호출 8
[done] gpt/C2_B_rep3 · 호출 8
--- [37/39] issue_smoking_area ---
[check_materials] 대상: smoking_area.json (issue_id=issue_smoking_area)
[check_materials] 통과(규칙 v1) — 표식 12개 고유·구조 대칭·누출 0
[plan] issue_smoking_area · gpt — 18판 (판당 8콜 + 반려 최대 3) · dry=False · 재료 4db90d8868b8
[skip] gpt/C0_A_rep1 — 결과 존재
[done] gpt/C0_A_rep2 · 호출 8
[done] gpt/C0_A_rep3 · 호출 8
[skip] gpt/C0_B_rep1 — 결과 존재
[done] gpt/C0_B_rep2 · 호출 8
[done] gpt/C0_B_rep3 · 호출 8
[done] gpt/C1_A_rep1 · 호출 8
[done] gpt/C1_A_rep2 · 호출 8
[done] gpt/C1_A_rep3 · 호출 8
[done] gpt/C1_B_rep1 · 호출 8
[done] gpt/C1_B_rep2 · 호출 8
[done] gpt/C1_B_rep3 · 호출 8
[done] gpt/C2_A_rep1 · 호출 8
[done] gpt/C2_A_rep2 · 호출 8
[done] gpt/C2_A_rep3 · 호출 8
[done] gpt/C2_B_rep1 · 호출 8
[done] gpt/C2_B_rep2 · 호출 8
[done] gpt/C2_B_rep3 · 호출 8
--- [38/39] issue_smoking_area_party ---
[check_materials] 대상: smoking_area_party.json (issue_id=issue_smoking_area_party)
[check_materials] 통과(규칙 v1) — 표식 12개 고유·구조 대칭·누출 0
[plan] issue_smoking_area_party · gpt — 18판 (판당 8콜 + 반려 최대 3) · dry=False · 재료 72c4b7e16e70
[skip] gpt/C0_A_rep1 — 결과 존재
[done] gpt/C0_A_rep2 · 호출 8
[done] gpt/C0_A_rep3 · 호출 8
[skip] gpt/C0_B_rep1 — 결과 존재
[done] gpt/C0_B_rep2 · 호출 8
[done] gpt/C0_B_rep3 · 호출 8
[done] gpt/C1_A_rep1 · 호출 8
[done] gpt/C1_A_rep2 · 호출 8
[done] gpt/C1_A_rep3 · 호출 8
[done] gpt/C1_B_rep1 · 호출 8
[done] gpt/C1_B_rep2 · 호출 8
[done] gpt/C1_B_rep3 · 호출 8
[done] gpt/C2_A_rep1 · 호출 8
[done] gpt/C2_A_rep2 · 호출 8
[done] gpt/C2_A_rep3 · 호출 8
[done] gpt/C2_B_rep1 · 호출 8
[done] gpt/C2_B_rep2 · 호출 8
[done] gpt/C2_B_rep3 · 호출 8
--- [39/39] issue_workmind ---
[check_materials] 대상: issue_workmind.json (issue_id=issue_workmind)
[check_materials] 통과(규칙 v1) — 표식 12개 고유·구조 대칭·누출 0
[plan] issue_workmind · gpt — 18판 (판당 8콜 + 반려 최대 3) · dry=False · 재료 661cb97a56ee
[done] gpt/C0_A_rep1 · 호출 8
[done] gpt/C0_A_rep2 · 호출 8
[done] gpt/C0_A_rep3 · 호출 8
[done] gpt/C0_B_rep1 · 호출 8
[done] gpt/C0_B_rep2 · 호출 8
[done] gpt/C0_B_rep3 · 호출 8
[done] gpt/C1_A_rep1 · 호출 8
[done] gpt/C1_A_rep2 · 호출 8
[done] gpt/C1_A_rep3 · 호출 8
[done] gpt/C1_B_rep1 · 호출 8
[done] gpt/C1_B_rep2 · 호출 8
[done] gpt/C1_B_rep3 · 호출 8
[done] gpt/C2_A_rep1 · 호출 8
[done] gpt/C2_A_rep2 · 호출 8
[done] gpt/C2_A_rep3 · 호출 8
[done] gpt/C2_B_rep1 · 호출 8
[done] gpt/C2_B_rep2 · 호출 8
[done] gpt/C2_B_rep3 · 호출 8
=== 끝 2026-08-31T14:11:11+09:00 ===
