[warn] issue_id 없는 재료 건너뜀: care12.json
[warn] issue_id 없는 재료 건너뜀: restaurant12.json
[done] run_C0_A_rep1 → 선택 '잔류'
[done] run_C0_A_rep2 → 선택 '잔류'
[done] run_C0_A_rep3 → 선택 '잔류'
[done] run_C0_B_rep1 → 선택 '잔류'
[done] run_C0_B_rep2 → 선택 '잔류'
[done] run_C0_B_rep3 → 선택 '잔류'
[done] run_C1_A_rep1 → 선택 '잔류' (반려 후)
[done] run_C1_A_rep2 → 선택 '잔류'
[done] run_C1_A_rep3 → 선택 '잔류'
[done] run_C1_B_rep1 → 선택 '잔류'
[done] run_C1_B_rep2 → 선택 '잔류'
[done] run_C1_B_rep3 → 선택 '잔류'
[done] run_C2_A_rep1 → 선택 '잔류'
[done] run_C2_A_rep2 → 선택 '잔류'
[done] run_C2_A_rep3 → 선택 '잔류'
[done] run_C2_B_rep1 → 선택 '잔류'
[done] run_C2_B_rep2 → 선택 '잔류'
[done] run_C2_B_rep3 → 선택 '잔류'
[done] run_c2r0_A_rep1 → 선택 '잔류'
[done] run_c2r0_A_rep2 → 선택 '잔류'
[done] run_c2r0_A_rep3 → 선택 '잔류'
[done] run_c2r0_B_rep1 → 선택 '잔류'
[done] run_c2r0_B_rep2 → 선택 '잔류'
[done] run_c2r0_B_rep3 → 선택 '잔류'
[done] run_esc1_A_rep1 → 선택 '잔류'
[done] run_esc1_A_rep2 → 선택 '잔류'
[done] run_esc1_A_rep3 → 선택 '잔류'
[done] run_esc1_B_rep1 → 선택 '잔류'
[done] run_esc1_B_rep2 → 선택 '잔류'
[done] run_esc1_B_rep3 → 선택 '잔류'
[rerun_final] 총 호출 31
